// Jest Snapshot v1, https://goo.gl/fbAQLP

exports[`should not save an empty album 1`] = `[TypeError: Cannot read property 'Decimal128' of null]`;
